Archive member included to satisfy reference by file (symbol)

../libs/libopencm3/lib/libopencm3_stm32l0.a(rcc.o)
                              comms_command.o (rcc_wait_for_osc_ready)
../libs/libopencm3/lib/libopencm3_stm32l0.a(gpio_common_all.o)
                              comms_command.o (gpio_toggle)
../libs/libopencm3/lib/libopencm3_stm32l0.a(gpio_common_f0234.o)
                              comms_command.o (gpio_mode_setup)
../libs/libopencm3/lib/libopencm3_stm32l0.a(rcc_common_all.o)
                              comms_command.o (rcc_periph_clock_enable)
../libs/libopencm3/lib/libopencm3_stm32l0.a(vector.o)
                              (reset_handler)
../libs/libopencm3/lib/libopencm3_stm32l0.a(assert.o)
                              ../libs/libopencm3/lib/libopencm3_stm32l0.a(rcc.o) (cm3_assert_failed)
/usr/lib/gcc/arm-none-eabi/4.9.3/armv6-m/libgcc.a(_thumb1_case_uqi.o)
                              ../libs/libopencm3/lib/libopencm3_stm32l0.a(rcc.o) (__gnu_thumb1_case_uqi)

Discarded input sections

 .text          0x0000000000000000        0x0 comms_command.o
 .data          0x0000000000000000        0x0 comms_command.o
 .bss           0x0000000000000000        0x0 comms_command.o
 .group         0x0000000000000000        0x8 ../libs/libopencm3/lib/libopencm3_stm32l0.a(rcc.o)
 .group         0x0000000000000000        0x8 ../libs/libopencm3/lib/libopencm3_stm32l0.a(rcc.o)
 .group         0x0000000000000000        0x8 ../libs/libopencm3/lib/libopencm3_stm32l0.a(rcc.o)
 .group         0x0000000000000000        0x8 ../libs/libopencm3/lib/libopencm3_stm32l0.a(rcc.o)
 .group         0x0000000000000000        0x8 ../libs/libopencm3/lib/libopencm3_stm32l0.a(rcc.o)
 .group         0x0000000000000000        0x8 ../libs/libopencm3/lib/libopencm3_stm32l0.a(rcc.o)
 .group         0x0000000000000000        0x8 ../libs/libopencm3/lib/libopencm3_stm32l0.a(rcc.o)
 .group         0x0000000000000000        0x8 ../libs/libopencm3/lib/libopencm3_stm32l0.a(rcc.o)
 .group         0x0000000000000000        0x8 ../libs/libopencm3/lib/libopencm3_stm32l0.a(rcc.o)
 .group         0x0000000000000000        0x8 ../libs/libopencm3/lib/libopencm3_stm32l0.a(rcc.o)
 .group         0x0000000000000000        0x8 ../libs/libopencm3/lib/libopencm3_stm32l0.a(rcc.o)
 .group         0x0000000000000000        0x8 ../libs/libopencm3/lib/libopencm3_stm32l0.a(rcc.o)
 .text          0x0000000000000000        0x0 ../libs/libopencm3/lib/libopencm3_stm32l0.a(rcc.o)
 .data          0x0000000000000000        0x0 ../libs/libopencm3/lib/libopencm3_stm32l0.a(rcc.o)
 .bss           0x0000000000000000        0x0 ../libs/libopencm3/lib/libopencm3_stm32l0.a(rcc.o)
 .text.rcc_osc_on
                0x0000000000000000       0x54 ../libs/libopencm3/lib/libopencm3_stm32l0.a(rcc.o)
 .text.rcc_osc_off
                0x0000000000000000       0x5c ../libs/libopencm3/lib/libopencm3_stm32l0.a(rcc.o)
 .text.rcc_osc_bypass_enable
                0x0000000000000000       0x28 ../libs/libopencm3/lib/libopencm3_stm32l0.a(rcc.o)
 .text.rcc_osc_bypass_disable
                0x0000000000000000       0x2c ../libs/libopencm3/lib/libopencm3_stm32l0.a(rcc.o)
 .text.rcc_osc_ready_int_clear
                0x0000000000000000       0x3c ../libs/libopencm3/lib/libopencm3_stm32l0.a(rcc.o)
 .text.rcc_osc_ready_int_enable
                0x0000000000000000       0x3c ../libs/libopencm3/lib/libopencm3_stm32l0.a(rcc.o)
 .text.rcc_osc_ready_int_disable
                0x0000000000000000       0x3c ../libs/libopencm3/lib/libopencm3_stm32l0.a(rcc.o)
 .text.rcc_osc_ready_int_flag
                0x0000000000000000       0x48 ../libs/libopencm3/lib/libopencm3_stm32l0.a(rcc.o)
 .text.rcc_set_hsi48_source_rc48
                0x0000000000000000       0x14 ../libs/libopencm3/lib/libopencm3_stm32l0.a(rcc.o)
 .text.rcc_set_hsi48_source_pll
                0x0000000000000000       0x14 ../libs/libopencm3/lib/libopencm3_stm32l0.a(rcc.o)
 .text.rcc_set_pll_multiplier
                0x0000000000000000       0x18 ../libs/libopencm3/lib/libopencm3_stm32l0.a(rcc.o)
 .text.rcc_set_pll_divider
                0x0000000000000000       0x18 ../libs/libopencm3/lib/libopencm3_stm32l0.a(rcc.o)
 .text.rcc_set_ppre1
                0x0000000000000000       0x18 ../libs/libopencm3/lib/libopencm3_stm32l0.a(rcc.o)
 .text.rcc_set_ppre2
                0x0000000000000000       0x18 ../libs/libopencm3/lib/libopencm3_stm32l0.a(rcc.o)
 .text.rcc_set_hpre
                0x0000000000000000       0x14 ../libs/libopencm3/lib/libopencm3_stm32l0.a(rcc.o)
 .group         0x0000000000000000        0x8 ../libs/libopencm3/lib/libopencm3_stm32l0.a(gpio_common_all.o)
 .group         0x0000000000000000        0x8 ../libs/libopencm3/lib/libopencm3_stm32l0.a(gpio_common_all.o)
 .group         0x0000000000000000        0x8 ../libs/libopencm3/lib/libopencm3_stm32l0.a(gpio_common_all.o)
 .group         0x0000000000000000        0x8 ../libs/libopencm3/lib/libopencm3_stm32l0.a(gpio_common_all.o)
 .group         0x0000000000000000        0x8 ../libs/libopencm3/lib/libopencm3_stm32l0.a(gpio_common_all.o)
 .group         0x0000000000000000        0x8 ../libs/libopencm3/lib/libopencm3_stm32l0.a(gpio_common_all.o)
 .group         0x0000000000000000        0x8 ../libs/libopencm3/lib/libopencm3_stm32l0.a(gpio_common_all.o)
 .group         0x0000000000000000        0x8 ../libs/libopencm3/lib/libopencm3_stm32l0.a(gpio_common_all.o)
 .group         0x0000000000000000        0x8 ../libs/libopencm3/lib/libopencm3_stm32l0.a(gpio_common_all.o)
 .group         0x0000000000000000        0x8 ../libs/libopencm3/lib/libopencm3_stm32l0.a(gpio_common_all.o)
 .group         0x0000000000000000        0x8 ../libs/libopencm3/lib/libopencm3_stm32l0.a(gpio_common_all.o)
 .group         0x0000000000000000        0x8 ../libs/libopencm3/lib/libopencm3_stm32l0.a(gpio_common_all.o)
 .group         0x0000000000000000        0x8 ../libs/libopencm3/lib/libopencm3_stm32l0.a(gpio_common_all.o)
 .group         0x0000000000000000        0x8 ../libs/libopencm3/lib/libopencm3_stm32l0.a(gpio_common_all.o)
 .text          0x0000000000000000        0x0 ../libs/libopencm3/lib/libopencm3_stm32l0.a(gpio_common_all.o)
 .data          0x0000000000000000        0x0 ../libs/libopencm3/lib/libopencm3_stm32l0.a(gpio_common_all.o)
 .bss           0x0000000000000000        0x0 ../libs/libopencm3/lib/libopencm3_stm32l0.a(gpio_common_all.o)
 .text.gpio_set
                0x0000000000000000        0x4 ../libs/libopencm3/lib/libopencm3_stm32l0.a(gpio_common_all.o)
 .text.gpio_clear
                0x0000000000000000        0x6 ../libs/libopencm3/lib/libopencm3_stm32l0.a(gpio_common_all.o)
 .text.gpio_get
                0x0000000000000000        0x6 ../libs/libopencm3/lib/libopencm3_stm32l0.a(gpio_common_all.o)
 .text.gpio_port_read
                0x0000000000000000        0x6 ../libs/libopencm3/lib/libopencm3_stm32l0.a(gpio_common_all.o)
 .text.gpio_port_write
                0x0000000000000000        0x4 ../libs/libopencm3/lib/libopencm3_stm32l0.a(gpio_common_all.o)
 .text.gpio_port_config_lock
                0x0000000000000000       0x12 ../libs/libopencm3/lib/libopencm3_stm32l0.a(gpio_common_all.o)
 .debug_macro   0x0000000000000000      0x838 ../libs/libopencm3/lib/libopencm3_stm32l0.a(gpio_common_all.o)
 .debug_macro   0x0000000000000000       0x22 ../libs/libopencm3/lib/libopencm3_stm32l0.a(gpio_common_all.o)
 .debug_macro   0x0000000000000000       0x44 ../libs/libopencm3/lib/libopencm3_stm32l0.a(gpio_common_all.o)
 .debug_macro   0x0000000000000000       0xe3 ../libs/libopencm3/lib/libopencm3_stm32l0.a(gpio_common_all.o)
 .debug_macro   0x0000000000000000       0x22 ../libs/libopencm3/lib/libopencm3_stm32l0.a(gpio_common_all.o)
 .debug_macro   0x0000000000000000      0x1df ../libs/libopencm3/lib/libopencm3_stm32l0.a(gpio_common_all.o)
 .debug_macro   0x0000000000000000       0x22 ../libs/libopencm3/lib/libopencm3_stm32l0.a(gpio_common_all.o)
 .debug_macro   0x0000000000000000       0xfa ../libs/libopencm3/lib/libopencm3_stm32l0.a(gpio_common_all.o)
 .debug_macro   0x0000000000000000       0x34 ../libs/libopencm3/lib/libopencm3_stm32l0.a(gpio_common_all.o)
 .debug_macro   0x0000000000000000      0x148 ../libs/libopencm3/lib/libopencm3_stm32l0.a(gpio_common_all.o)
 .group         0x0000000000000000        0x8 ../libs/libopencm3/lib/libopencm3_stm32l0.a(gpio_common_f0234.o)
 .group         0x0000000000000000        0x8 ../libs/libopencm3/lib/libopencm3_stm32l0.a(gpio_common_f0234.o)
 .group         0x0000000000000000        0x8 ../libs/libopencm3/lib/libopencm3_stm32l0.a(gpio_common_f0234.o)
 .group         0x0000000000000000        0x8 ../libs/libopencm3/lib/libopencm3_stm32l0.a(gpio_common_f0234.o)
 .group         0x0000000000000000        0x8 ../libs/libopencm3/lib/libopencm3_stm32l0.a(gpio_common_f0234.o)
 .group         0x0000000000000000        0x8 ../libs/libopencm3/lib/libopencm3_stm32l0.a(gpio_common_f0234.o)
 .group         0x0000000000000000        0x8 ../libs/libopencm3/lib/libopencm3_stm32l0.a(gpio_common_f0234.o)
 .group         0x0000000000000000        0x8 ../libs/libopencm3/lib/libopencm3_stm32l0.a(gpio_common_f0234.o)
 .group         0x0000000000000000        0x8 ../libs/libopencm3/lib/libopencm3_stm32l0.a(gpio_common_f0234.o)
 .group         0x0000000000000000        0x8 ../libs/libopencm3/lib/libopencm3_stm32l0.a(gpio_common_f0234.o)
 .group         0x0000000000000000        0x8 ../libs/libopencm3/lib/libopencm3_stm32l0.a(gpio_common_f0234.o)
 .group         0x0000000000000000        0x8 ../libs/libopencm3/lib/libopencm3_stm32l0.a(gpio_common_f0234.o)
 .group         0x0000000000000000        0x8 ../libs/libopencm3/lib/libopencm3_stm32l0.a(gpio_common_f0234.o)
 .group         0x0000000000000000        0x8 ../libs/libopencm3/lib/libopencm3_stm32l0.a(gpio_common_f0234.o)
 .text          0x0000000000000000        0x0 ../libs/libopencm3/lib/libopencm3_stm32l0.a(gpio_common_f0234.o)
 .data          0x0000000000000000        0x0 ../libs/libopencm3/lib/libopencm3_stm32l0.a(gpio_common_f0234.o)
 .bss           0x0000000000000000        0x0 ../libs/libopencm3/lib/libopencm3_stm32l0.a(gpio_common_f0234.o)
 .text.gpio_set_output_options
                0x0000000000000000       0x36 ../libs/libopencm3/lib/libopencm3_stm32l0.a(gpio_common_f0234.o)
 .text.gpio_set_af
                0x0000000000000000       0x4e ../libs/libopencm3/lib/libopencm3_stm32l0.a(gpio_common_f0234.o)
 .debug_macro   0x0000000000000000      0x838 ../libs/libopencm3/lib/libopencm3_stm32l0.a(gpio_common_f0234.o)
 .debug_macro   0x0000000000000000       0x22 ../libs/libopencm3/lib/libopencm3_stm32l0.a(gpio_common_f0234.o)
 .debug_macro   0x0000000000000000       0x44 ../libs/libopencm3/lib/libopencm3_stm32l0.a(gpio_common_f0234.o)
 .debug_macro   0x0000000000000000       0xe3 ../libs/libopencm3/lib/libopencm3_stm32l0.a(gpio_common_f0234.o)
 .debug_macro   0x0000000000000000       0x22 ../libs/libopencm3/lib/libopencm3_stm32l0.a(gpio_common_f0234.o)
 .debug_macro   0x0000000000000000      0x1df ../libs/libopencm3/lib/libopencm3_stm32l0.a(gpio_common_f0234.o)
 .debug_macro   0x0000000000000000       0x22 ../libs/libopencm3/lib/libopencm3_stm32l0.a(gpio_common_f0234.o)
 .debug_macro   0x0000000000000000       0xfa ../libs/libopencm3/lib/libopencm3_stm32l0.a(gpio_common_f0234.o)
 .debug_macro   0x0000000000000000       0x34 ../libs/libopencm3/lib/libopencm3_stm32l0.a(gpio_common_f0234.o)
 .debug_macro   0x0000000000000000      0x148 ../libs/libopencm3/lib/libopencm3_stm32l0.a(gpio_common_f0234.o)
 .debug_macro   0x0000000000000000       0x76 ../libs/libopencm3/lib/libopencm3_stm32l0.a(gpio_common_f0234.o)
 .debug_macro   0x0000000000000000      0x2e6 ../libs/libopencm3/lib/libopencm3_stm32l0.a(gpio_common_f0234.o)
 .debug_macro   0x0000000000000000      0x14e ../libs/libopencm3/lib/libopencm3_stm32l0.a(gpio_common_f0234.o)
 .debug_macro   0x0000000000000000       0x3a ../libs/libopencm3/lib/libopencm3_stm32l0.a(gpio_common_f0234.o)
 .group         0x0000000000000000        0x8 ../libs/libopencm3/lib/libopencm3_stm32l0.a(rcc_common_all.o)
 .group         0x0000000000000000        0x8 ../libs/libopencm3/lib/libopencm3_stm32l0.a(rcc_common_all.o)
 .group         0x0000000000000000        0x8 ../libs/libopencm3/lib/libopencm3_stm32l0.a(rcc_common_all.o)
 .group         0x0000000000000000        0x8 ../libs/libopencm3/lib/libopencm3_stm32l0.a(rcc_common_all.o)
 .group         0x0000000000000000        0x8 ../libs/libopencm3/lib/libopencm3_stm32l0.a(rcc_common_all.o)
 .group         0x0000000000000000        0x8 ../libs/libopencm3/lib/libopencm3_stm32l0.a(rcc_common_all.o)
 .group         0x0000000000000000        0x8 ../libs/libopencm3/lib/libopencm3_stm32l0.a(rcc_common_all.o)
 .group         0x0000000000000000        0x8 ../libs/libopencm3/lib/libopencm3_stm32l0.a(rcc_common_all.o)
 .group         0x0000000000000000        0x8 ../libs/libopencm3/lib/libopencm3_stm32l0.a(rcc_common_all.o)
 .group         0x0000000000000000        0x8 ../libs/libopencm3/lib/libopencm3_stm32l0.a(rcc_common_all.o)
 .group         0x0000000000000000        0x8 ../libs/libopencm3/lib/libopencm3_stm32l0.a(rcc_common_all.o)
 .text          0x0000000000000000        0x0 ../libs/libopencm3/lib/libopencm3_stm32l0.a(rcc_common_all.o)
 .data          0x0000000000000000        0x0 ../libs/libopencm3/lib/libopencm3_stm32l0.a(rcc_common_all.o)
 .bss           0x0000000000000000        0x0 ../libs/libopencm3/lib/libopencm3_stm32l0.a(rcc_common_all.o)
 .text.rcc_peripheral_enable_clock
                0x0000000000000000        0x8 ../libs/libopencm3/lib/libopencm3_stm32l0.a(rcc_common_all.o)
 .text.rcc_peripheral_disable_clock
                0x0000000000000000        0x8 ../libs/libopencm3/lib/libopencm3_stm32l0.a(rcc_common_all.o)
 .text.rcc_peripheral_reset
                0x0000000000000000        0x8 ../libs/libopencm3/lib/libopencm3_stm32l0.a(rcc_common_all.o)
 .text.rcc_peripheral_clear_reset
                0x0000000000000000        0x8 ../libs/libopencm3/lib/libopencm3_stm32l0.a(rcc_common_all.o)
 .text.rcc_periph_clock_disable
                0x0000000000000000       0x1c ../libs/libopencm3/lib/libopencm3_stm32l0.a(rcc_common_all.o)
 .text.rcc_periph_reset_pulse
                0x0000000000000000       0x24 ../libs/libopencm3/lib/libopencm3_stm32l0.a(rcc_common_all.o)
 .text.rcc_periph_reset_hold
                0x0000000000000000       0x20 ../libs/libopencm3/lib/libopencm3_stm32l0.a(rcc_common_all.o)
 .text.rcc_periph_reset_release
                0x0000000000000000       0x1c ../libs/libopencm3/lib/libopencm3_stm32l0.a(rcc_common_all.o)
 .text.rcc_set_mco
                0x0000000000000000       0x18 ../libs/libopencm3/lib/libopencm3_stm32l0.a(rcc_common_all.o)
 .debug_macro   0x0000000000000000      0x838 ../libs/libopencm3/lib/libopencm3_stm32l0.a(rcc_common_all.o)
 .debug_macro   0x0000000000000000       0x22 ../libs/libopencm3/lib/libopencm3_stm32l0.a(rcc_common_all.o)
 .debug_macro   0x0000000000000000       0x44 ../libs/libopencm3/lib/libopencm3_stm32l0.a(rcc_common_all.o)
 .debug_macro   0x0000000000000000       0xe3 ../libs/libopencm3/lib/libopencm3_stm32l0.a(rcc_common_all.o)
 .debug_macro   0x0000000000000000       0x22 ../libs/libopencm3/lib/libopencm3_stm32l0.a(rcc_common_all.o)
 .debug_macro   0x0000000000000000      0x1df ../libs/libopencm3/lib/libopencm3_stm32l0.a(rcc_common_all.o)
 .debug_macro   0x0000000000000000       0x22 ../libs/libopencm3/lib/libopencm3_stm32l0.a(rcc_common_all.o)
 .debug_macro   0x0000000000000000       0xfa ../libs/libopencm3/lib/libopencm3_stm32l0.a(rcc_common_all.o)
 .debug_macro   0x0000000000000000       0x34 ../libs/libopencm3/lib/libopencm3_stm32l0.a(rcc_common_all.o)
 .debug_macro   0x0000000000000000      0x148 ../libs/libopencm3/lib/libopencm3_stm32l0.a(rcc_common_all.o)
 .debug_macro   0x0000000000000000      0x922 ../libs/libopencm3/lib/libopencm3_stm32l0.a(rcc_common_all.o)
 .group         0x0000000000000000        0x8 ../libs/libopencm3/lib/libopencm3_stm32l0.a(vector.o)
 .group         0x0000000000000000        0x8 ../libs/libopencm3/lib/libopencm3_stm32l0.a(vector.o)
 .group         0x0000000000000000        0x8 ../libs/libopencm3/lib/libopencm3_stm32l0.a(vector.o)
 .group         0x0000000000000000        0x8 ../libs/libopencm3/lib/libopencm3_stm32l0.a(vector.o)
 .group         0x0000000000000000        0x8 ../libs/libopencm3/lib/libopencm3_stm32l0.a(vector.o)
 .group         0x0000000000000000        0x8 ../libs/libopencm3/lib/libopencm3_stm32l0.a(vector.o)
 .group         0x0000000000000000        0x8 ../libs/libopencm3/lib/libopencm3_stm32l0.a(vector.o)
 .group         0x0000000000000000        0x8 ../libs/libopencm3/lib/libopencm3_stm32l0.a(vector.o)
 .group         0x0000000000000000        0x8 ../libs/libopencm3/lib/libopencm3_stm32l0.a(vector.o)
 .group         0x0000000000000000        0x8 ../libs/libopencm3/lib/libopencm3_stm32l0.a(vector.o)
 .group         0x0000000000000000        0x8 ../libs/libopencm3/lib/libopencm3_stm32l0.a(vector.o)
 .group         0x0000000000000000        0x8 ../libs/libopencm3/lib/libopencm3_stm32l0.a(vector.o)
 .text          0x0000000000000000        0x0 ../libs/libopencm3/lib/libopencm3_stm32l0.a(vector.o)
 .data          0x0000000000000000        0x0 ../libs/libopencm3/lib/libopencm3_stm32l0.a(vector.o)
 .bss           0x0000000000000000        0x0 ../libs/libopencm3/lib/libopencm3_stm32l0.a(vector.o)
 .debug_macro   0x0000000000000000      0x838 ../libs/libopencm3/lib/libopencm3_stm32l0.a(vector.o)
 .debug_macro   0x0000000000000000       0x34 ../libs/libopencm3/lib/libopencm3_stm32l0.a(vector.o)
 .debug_macro   0x0000000000000000       0x22 ../libs/libopencm3/lib/libopencm3_stm32l0.a(vector.o)
 .debug_macro   0x0000000000000000       0x44 ../libs/libopencm3/lib/libopencm3_stm32l0.a(vector.o)
 .debug_macro   0x0000000000000000       0xe3 ../libs/libopencm3/lib/libopencm3_stm32l0.a(vector.o)
 .debug_macro   0x0000000000000000       0x22 ../libs/libopencm3/lib/libopencm3_stm32l0.a(vector.o)
 .debug_macro   0x0000000000000000      0x1df ../libs/libopencm3/lib/libopencm3_stm32l0.a(vector.o)
 .debug_macro   0x0000000000000000       0x22 ../libs/libopencm3/lib/libopencm3_stm32l0.a(vector.o)
 .debug_macro   0x0000000000000000       0xfa ../libs/libopencm3/lib/libopencm3_stm32l0.a(vector.o)
 .group         0x0000000000000000        0x8 ../libs/libopencm3/lib/libopencm3_stm32l0.a(assert.o)
 .group         0x0000000000000000        0x8 ../libs/libopencm3/lib/libopencm3_stm32l0.a(assert.o)
 .group         0x0000000000000000        0x8 ../libs/libopencm3/lib/libopencm3_stm32l0.a(assert.o)
 .group         0x0000000000000000        0x8 ../libs/libopencm3/lib/libopencm3_stm32l0.a(assert.o)
 .group         0x0000000000000000        0x8 ../libs/libopencm3/lib/libopencm3_stm32l0.a(assert.o)
 .group         0x0000000000000000        0x8 ../libs/libopencm3/lib/libopencm3_stm32l0.a(assert.o)
 .group         0x0000000000000000        0x8 ../libs/libopencm3/lib/libopencm3_stm32l0.a(assert.o)
 .group         0x0000000000000000        0x8 ../libs/libopencm3/lib/libopencm3_stm32l0.a(assert.o)
 .group         0x0000000000000000        0x8 ../libs/libopencm3/lib/libopencm3_stm32l0.a(assert.o)
 .text          0x0000000000000000        0x0 ../libs/libopencm3/lib/libopencm3_stm32l0.a(assert.o)
 .data          0x0000000000000000        0x0 ../libs/libopencm3/lib/libopencm3_stm32l0.a(assert.o)
 .bss           0x0000000000000000        0x0 ../libs/libopencm3/lib/libopencm3_stm32l0.a(assert.o)
 .text.cm3_assert_failed
                0x0000000000000000        0x2 ../libs/libopencm3/lib/libopencm3_stm32l0.a(assert.o)
 .text.cm3_assert_failed_verbose
                0x0000000000000000        0x6 ../libs/libopencm3/lib/libopencm3_stm32l0.a(assert.o)
 .debug_info    0x0000000000000000       0xee ../libs/libopencm3/lib/libopencm3_stm32l0.a(assert.o)
 .debug_abbrev  0x0000000000000000       0x89 ../libs/libopencm3/lib/libopencm3_stm32l0.a(assert.o)
 .debug_loc     0x0000000000000000       0x84 ../libs/libopencm3/lib/libopencm3_stm32l0.a(assert.o)
 .debug_aranges
                0x0000000000000000       0x28 ../libs/libopencm3/lib/libopencm3_stm32l0.a(assert.o)
 .debug_ranges  0x0000000000000000       0x18 ../libs/libopencm3/lib/libopencm3_stm32l0.a(assert.o)
 .debug_macro   0x0000000000000000       0x7b ../libs/libopencm3/lib/libopencm3_stm32l0.a(assert.o)
 .debug_macro   0x0000000000000000      0x838 ../libs/libopencm3/lib/libopencm3_stm32l0.a(assert.o)
 .debug_macro   0x0000000000000000       0x22 ../libs/libopencm3/lib/libopencm3_stm32l0.a(assert.o)
 .debug_macro   0x0000000000000000       0x44 ../libs/libopencm3/lib/libopencm3_stm32l0.a(assert.o)
 .debug_macro   0x0000000000000000       0xe3 ../libs/libopencm3/lib/libopencm3_stm32l0.a(assert.o)
 .debug_macro   0x0000000000000000       0x22 ../libs/libopencm3/lib/libopencm3_stm32l0.a(assert.o)
 .debug_macro   0x0000000000000000      0x1df ../libs/libopencm3/lib/libopencm3_stm32l0.a(assert.o)
 .debug_macro   0x0000000000000000       0x22 ../libs/libopencm3/lib/libopencm3_stm32l0.a(assert.o)
 .debug_macro   0x0000000000000000       0xfa ../libs/libopencm3/lib/libopencm3_stm32l0.a(assert.o)
 .debug_macro   0x0000000000000000       0x16 ../libs/libopencm3/lib/libopencm3_stm32l0.a(assert.o)
 .debug_line    0x0000000000000000      0x161 ../libs/libopencm3/lib/libopencm3_stm32l0.a(assert.o)
 .debug_str     0x0000000000000000     0x3485 ../libs/libopencm3/lib/libopencm3_stm32l0.a(assert.o)
 .comment       0x0000000000000000       0x39 ../libs/libopencm3/lib/libopencm3_stm32l0.a(assert.o)
 .debug_frame   0x0000000000000000       0x38 ../libs/libopencm3/lib/libopencm3_stm32l0.a(assert.o)
 .ARM.attributes
                0x0000000000000000       0x32 ../libs/libopencm3/lib/libopencm3_stm32l0.a(assert.o)
 .data          0x0000000000000000        0x0 /usr/lib/gcc/arm-none-eabi/4.9.3/armv6-m/libgcc.a(_thumb1_case_uqi.o)
 .bss           0x0000000000000000        0x0 /usr/lib/gcc/arm-none-eabi/4.9.3/armv6-m/libgcc.a(_thumb1_case_uqi.o)

Memory Configuration

Name             Origin             Length             Attributes
rom              0x0000000008000000 0x0000000000010000 xr
ram              0x0000000020000000 0x0000000000002000 xrw
eep              0x0000000008080000 0x0000000000000800 r
*default*        0x0000000000000000 0xffffffffffffffff

Linker script and memory map

LOAD comms_command.o
LOAD ../libs/libopencm3/lib/libopencm3_stm32l0.a
START GROUP
LOAD /usr/lib/gcc/arm-none-eabi/4.9.3/../../../arm-none-eabi/lib/armv6-m/libc.a
LOAD /usr/lib/gcc/arm-none-eabi/4.9.3/armv6-m/libgcc.a
LOAD /usr/lib/gcc/arm-none-eabi/4.9.3/../../../arm-none-eabi/lib/armv6-m/libnosys.a
END GROUP
START GROUP
LOAD /usr/lib/gcc/arm-none-eabi/4.9.3/armv6-m/libgcc.a
LOAD /usr/lib/gcc/arm-none-eabi/4.9.3/../../../arm-none-eabi/lib/armv6-m/libc.a
END GROUP

.text           0x0000000008000000      0x2c8
 *(.vectors)
 .vectors       0x0000000008000000       0xc0 ../libs/libopencm3/lib/libopencm3_stm32l0.a(vector.o)
                0x0000000008000000                vector_table
 *(.text*)
 .text.startup.main
                0x00000000080000c0       0x4c comms_command.o
                0x00000000080000c0                main
 .text.rcc_is_osc_ready
                0x000000000800010c       0x58 ../libs/libopencm3/lib/libopencm3_stm32l0.a(rcc.o)
                0x000000000800010c                rcc_is_osc_ready
 .text.rcc_wait_for_osc_ready
                0x0000000008000164       0x10 ../libs/libopencm3/lib/libopencm3_stm32l0.a(rcc.o)
                0x0000000008000164                rcc_wait_for_osc_ready
 .text.rcc_set_sysclk_source
                0x0000000008000174       0x44 ../libs/libopencm3/lib/libopencm3_stm32l0.a(rcc.o)
                0x0000000008000174                rcc_set_sysclk_source
 .text.gpio_toggle
                0x00000000080001b8       0x10 ../libs/libopencm3/lib/libopencm3_stm32l0.a(gpio_common_all.o)
                0x00000000080001b8                gpio_toggle
 .text.gpio_mode_setup
                0x00000000080001c8       0x3c ../libs/libopencm3/lib/libopencm3_stm32l0.a(gpio_common_f0234.o)
                0x00000000080001c8                gpio_mode_setup
 .text.rcc_periph_clock_enable
                0x0000000008000204       0x20 ../libs/libopencm3/lib/libopencm3_stm32l0.a(rcc_common_all.o)
                0x0000000008000204                rcc_periph_clock_enable
 .text.blocking_handler
                0x0000000008000224        0x2 ../libs/libopencm3/lib/libopencm3_stm32l0.a(vector.o)
                0x0000000008000224                rtc_isr
                0x0000000008000224                blocking_handler
                0x0000000008000224                tsc_isr
                0x0000000008000224                spi1_isr
                0x0000000008000224                i2c1_isr
                0x0000000008000224                i2c2_isr
                0x0000000008000224                tim21_isr
                0x0000000008000224                usart1_isr
                0x0000000008000224                reserved4_isr
                0x0000000008000224                exti2_3_isr
                0x0000000008000224                reserved5_isr
                0x0000000008000224                lptim1_isr
                0x0000000008000224                pvd_isr
                0x0000000008000224                lpuart1_isr
                0x0000000008000224                rcc_isr
                0x0000000008000224                reserved3_isr
                0x0000000008000224                flash_isr
                0x0000000008000224                hard_fault_handler
                0x0000000008000224                spi2_isr
                0x0000000008000224                usb_isr
                0x0000000008000224                usart2_isr
                0x0000000008000224                adc_comp_isr
                0x0000000008000224                reserved2_isr
                0x0000000008000224                reserved1_isr
                0x0000000008000224                dma1_channel1_isr
                0x0000000008000224                tim6_dac_isr
                0x0000000008000224                lcd_isr
                0x0000000008000224                dma1_channel2_3_isr
                0x0000000008000224                tim22_isr
                0x0000000008000224                exti4_15_isr
                0x0000000008000224                wwdg_isr
                0x0000000008000224                tim2_isr
                0x0000000008000224                dma1_channel4_5_isr
                0x0000000008000224                exti0_1_isr
 .text.null_handler
                0x0000000008000226        0x2 ../libs/libopencm3/lib/libopencm3_stm32l0.a(vector.o)
                0x0000000008000226                null_handler
                0x0000000008000226                sv_call_handler
                0x0000000008000226                pend_sv_handler
                0x0000000008000226                sys_tick_handler
                0x0000000008000226                nmi_handler
 .text.reset_handler
                0x0000000008000228       0x8c ../libs/libopencm3/lib/libopencm3_stm32l0.a(vector.o)
                0x0000000008000228                reset_handler
 .text          0x00000000080002b4       0x14 /usr/lib/gcc/arm-none-eabi/4.9.3/armv6-m/libgcc.a(_thumb1_case_uqi.o)
                0x00000000080002b4                __gnu_thumb1_case_uqi
                0x00000000080002c8                . = ALIGN (0x4)
 *(.rodata*)
                0x00000000080002c8                . = ALIGN (0x4)

.glue_7         0x00000000080002c8        0x0
 .glue_7        0x00000000080002c8        0x0 linker stubs

.glue_7t        0x00000000080002c8        0x0
 .glue_7t       0x00000000080002c8        0x0 linker stubs

.vfp11_veneer   0x00000000080002c8        0x0
 .vfp11_veneer  0x00000000080002c8        0x0 linker stubs

.v4_bx          0x00000000080002c8        0x0
 .v4_bx         0x00000000080002c8        0x0 linker stubs

.iplt           0x00000000080002c8        0x0
 .iplt          0x00000000080002c8        0x0 comms_command.o

.rel.dyn        0x00000000080002c8        0x0
 .rel.iplt      0x00000000080002c8        0x0 comms_command.o

.preinit_array  0x00000000080002c8        0x0
                0x00000000080002c8                . = ALIGN (0x4)
                0x00000000080002c8                __preinit_array_start = .
 *(.preinit_array)
                0x00000000080002c8                __preinit_array_end = .

.init_array     0x00000000080002c8        0x0
                0x00000000080002c8                . = ALIGN (0x4)
                0x00000000080002c8                __init_array_start = .
 *(SORT(.init_array.*))
 *(.init_array)
                0x00000000080002c8                __init_array_end = .

.fini_array     0x00000000080002c8        0x0
                0x00000000080002c8                . = ALIGN (0x4)
                0x00000000080002c8                __fini_array_start = .
 *(.fini_array)
 *(SORT(.fini_array.*))
                0x00000000080002c8                __fini_array_end = .

.ARM.extab
 *(.ARM.extab*)

.ARM.exidx      0x00000000080002c8        0x0
                0x00000000080002c8                __exidx_start = .
 *(.ARM.exidx*)
                0x00000000080002c8                __exidx_end = .
                0x00000000080002c8                . = ALIGN (0x4)
                0x00000000080002c8                _etext = .

.data           0x0000000020000000        0x0 load address 0x00000000080002c8
                0x0000000020000000                _data = .
 *(.data*)
                0x0000000020000000                . = ALIGN (0x4)
                0x0000000020000000                _edata = .
                0x00000000080002c8                _data_loadaddr = LOADADDR (.data)

.igot.plt       0x0000000020000000        0x0 load address 0x00000000080002c8
 .igot.plt      0x0000000020000000        0x0 comms_command.o

.bss            0x0000000020000000        0x0 load address 0x00000000080002c8
 *(.bss*)
 *(COMMON)
                0x0000000020000000                . = ALIGN (0x4)
                0x0000000020000000                _ebss = .

/DISCARD/
 *(.eh_frame)
                0x0000000020000000                . = ALIGN (0x4)
                0x0000000020000000                end = .
                0x0000000020002000                PROVIDE (_stack, (ORIGIN (ram) + LENGTH (ram)))
OUTPUT(comms_command.elf elf32-littlearm)

.debug_info     0x0000000000000000     0x1520
 .debug_info    0x0000000000000000      0x45c comms_command.o
 .debug_info    0x000000000000045c      0x3d4 ../libs/libopencm3/lib/libopencm3_stm32l0.a(rcc.o)
 .debug_info    0x0000000000000830      0x22c ../libs/libopencm3/lib/libopencm3_stm32l0.a(gpio_common_all.o)
 .debug_info    0x0000000000000a5c      0x1f3 ../libs/libopencm3/lib/libopencm3_stm32l0.a(gpio_common_f0234.o)
 .debug_info    0x0000000000000c4f      0x575 ../libs/libopencm3/lib/libopencm3_stm32l0.a(rcc_common_all.o)
 .debug_info    0x00000000000011c4      0x2a3 ../libs/libopencm3/lib/libopencm3_stm32l0.a(vector.o)
 .debug_info    0x0000000000001467       0xb9 /usr/lib/gcc/arm-none-eabi/4.9.3/armv6-m/libgcc.a(_thumb1_case_uqi.o)

.debug_abbrev   0x0000000000000000      0x668
 .debug_abbrev  0x0000000000000000      0x107 comms_command.o
 .debug_abbrev  0x0000000000000107      0x18d ../libs/libopencm3/lib/libopencm3_stm32l0.a(rcc.o)
 .debug_abbrev  0x0000000000000294      0x10e ../libs/libopencm3/lib/libopencm3_stm32l0.a(gpio_common_all.o)
 .debug_abbrev  0x00000000000003a2       0xb7 ../libs/libopencm3/lib/libopencm3_stm32l0.a(gpio_common_f0234.o)
 .debug_abbrev  0x0000000000000459       0xd0 ../libs/libopencm3/lib/libopencm3_stm32l0.a(rcc_common_all.o)
 .debug_abbrev  0x0000000000000529      0x12b ../libs/libopencm3/lib/libopencm3_stm32l0.a(vector.o)
 .debug_abbrev  0x0000000000000654       0x14 /usr/lib/gcc/arm-none-eabi/4.9.3/armv6-m/libgcc.a(_thumb1_case_uqi.o)

.debug_loc      0x0000000000000000      0x67c
 .debug_loc     0x0000000000000000       0x4d comms_command.o
 .debug_loc     0x000000000000004d      0x278 ../libs/libopencm3/lib/libopencm3_stm32l0.a(rcc.o)
 .debug_loc     0x00000000000002c5       0x76 ../libs/libopencm3/lib/libopencm3_stm32l0.a(gpio_common_all.o)
 .debug_loc     0x000000000000033b      0x17f ../libs/libopencm3/lib/libopencm3_stm32l0.a(gpio_common_f0234.o)
 .debug_loc     0x00000000000004ba      0x108 ../libs/libopencm3/lib/libopencm3_stm32l0.a(rcc_common_all.o)
 .debug_loc     0x00000000000005c2       0xba ../libs/libopencm3/lib/libopencm3_stm32l0.a(vector.o)

.debug_aranges  0x0000000000000000      0x200
 .debug_aranges
                0x0000000000000000       0x20 comms_command.o
 .debug_aranges
                0x0000000000000020       0xa8 ../libs/libopencm3/lib/libopencm3_stm32l0.a(rcc.o)
 .debug_aranges
                0x00000000000000c8       0x50 ../libs/libopencm3/lib/libopencm3_stm32l0.a(gpio_common_all.o)
 .debug_aranges
                0x0000000000000118       0x30 ../libs/libopencm3/lib/libopencm3_stm32l0.a(gpio_common_f0234.o)
 .debug_aranges
                0x0000000000000148       0x68 ../libs/libopencm3/lib/libopencm3_stm32l0.a(rcc_common_all.o)
 .debug_aranges
                0x00000000000001b0       0x30 ../libs/libopencm3/lib/libopencm3_stm32l0.a(vector.o)
 .debug_aranges
                0x00000000000001e0       0x20 /usr/lib/gcc/arm-none-eabi/4.9.3/armv6-m/libgcc.a(_thumb1_case_uqi.o)

.debug_ranges   0x0000000000000000      0x180
 .debug_ranges  0x0000000000000000       0x10 comms_command.o
 .debug_ranges  0x0000000000000010       0x98 ../libs/libopencm3/lib/libopencm3_stm32l0.a(rcc.o)
 .debug_ranges  0x00000000000000a8       0x40 ../libs/libopencm3/lib/libopencm3_stm32l0.a(gpio_common_all.o)
 .debug_ranges  0x00000000000000e8       0x20 ../libs/libopencm3/lib/libopencm3_stm32l0.a(gpio_common_f0234.o)
 .debug_ranges  0x0000000000000108       0x58 ../libs/libopencm3/lib/libopencm3_stm32l0.a(rcc_common_all.o)
 .debug_ranges  0x0000000000000160       0x20 ../libs/libopencm3/lib/libopencm3_stm32l0.a(vector.o)

.debug_line     0x0000000000000000     0x1016
 .debug_line    0x0000000000000000      0x152 comms_command.o
 .debug_line    0x0000000000000152      0x3a2 ../libs/libopencm3/lib/libopencm3_stm32l0.a(rcc.o)
 .debug_line    0x00000000000004f4      0x2bb ../libs/libopencm3/lib/libopencm3_stm32l0.a(gpio_common_all.o)
 .debug_line    0x00000000000007af      0x2a8 ../libs/libopencm3/lib/libopencm3_stm32l0.a(gpio_common_f0234.o)
 .debug_line    0x0000000000000a57      0x2c7 ../libs/libopencm3/lib/libopencm3_stm32l0.a(rcc_common_all.o)
 .debug_line    0x0000000000000d1e      0x292 ../libs/libopencm3/lib/libopencm3_stm32l0.a(vector.o)
 .debug_line    0x0000000000000fb0       0x66 /usr/lib/gcc/arm-none-eabi/4.9.3/armv6-m/libgcc.a(_thumb1_case_uqi.o)

.debug_str      0x0000000000000000     0x9303
 .debug_str     0x0000000000000000      0x483 comms_command.o
                                        0x526 (size before relaxing)
 .debug_str     0x0000000000000483     0x633d ../libs/libopencm3/lib/libopencm3_stm32l0.a(rcc.o)
                                       0x6528 (size before relaxing)
 .debug_str     0x00000000000067c0     0x14fd ../libs/libopencm3/lib/libopencm3_stm32l0.a(gpio_common_all.o)
                                       0x520b (size before relaxing)
 .debug_str     0x0000000000007cbd       0x8a ../libs/libopencm3/lib/libopencm3_stm32l0.a(gpio_common_f0234.o)
                                       0x522d (size before relaxing)
 .debug_str     0x0000000000007d47      0x2c4 ../libs/libopencm3/lib/libopencm3_stm32l0.a(rcc_common_all.o)
                                       0x684b (size before relaxing)
 .debug_str     0x000000000000800b     0x12f8 ../libs/libopencm3/lib/libopencm3_stm32l0.a(vector.o)
                                       0x4753 (size before relaxing)

.comment        0x0000000000000000       0x38
 .comment       0x0000000000000000       0x38 comms_command.o
                                         0x39 (size before relaxing)
 .comment       0x0000000000000038       0x39 ../libs/libopencm3/lib/libopencm3_stm32l0.a(rcc.o)
 .comment       0x0000000000000038       0x39 ../libs/libopencm3/lib/libopencm3_stm32l0.a(gpio_common_all.o)
 .comment       0x0000000000000038       0x39 ../libs/libopencm3/lib/libopencm3_stm32l0.a(gpio_common_f0234.o)
 .comment       0x0000000000000038       0x39 ../libs/libopencm3/lib/libopencm3_stm32l0.a(rcc_common_all.o)
 .comment       0x0000000000000038       0x39 ../libs/libopencm3/lib/libopencm3_stm32l0.a(vector.o)

.ARM.attributes
                0x0000000000000000       0x32
 .ARM.attributes
                0x0000000000000000       0x32 comms_command.o
 .ARM.attributes
                0x0000000000000032       0x32 ../libs/libopencm3/lib/libopencm3_stm32l0.a(rcc.o)
 .ARM.attributes
                0x0000000000000064       0x32 ../libs/libopencm3/lib/libopencm3_stm32l0.a(gpio_common_all.o)
 .ARM.attributes
                0x0000000000000096       0x32 ../libs/libopencm3/lib/libopencm3_stm32l0.a(gpio_common_f0234.o)
 .ARM.attributes
                0x00000000000000c8       0x32 ../libs/libopencm3/lib/libopencm3_stm32l0.a(rcc_common_all.o)
 .ARM.attributes
                0x00000000000000fa       0x32 ../libs/libopencm3/lib/libopencm3_stm32l0.a(vector.o)
 .ARM.attributes
                0x000000000000012c       0x1e /usr/lib/gcc/arm-none-eabi/4.9.3/armv6-m/libgcc.a(_thumb1_case_uqi.o)

.debug_frame    0x0000000000000000      0x390
 .debug_frame   0x0000000000000000       0x28 comms_command.o
 .debug_frame   0x0000000000000028      0x178 ../libs/libopencm3/lib/libopencm3_stm32l0.a(rcc.o)
 .debug_frame   0x00000000000001a0       0x80 ../libs/libopencm3/lib/libopencm3_stm32l0.a(gpio_common_all.o)
 .debug_frame   0x0000000000000220       0x70 ../libs/libopencm3/lib/libopencm3_stm32l0.a(gpio_common_f0234.o)
 .debug_frame   0x0000000000000290       0xc0 ../libs/libopencm3/lib/libopencm3_stm32l0.a(rcc_common_all.o)
 .debug_frame   0x0000000000000350       0x40 ../libs/libopencm3/lib/libopencm3_stm32l0.a(vector.o)

.debug_macro    0x0000000000000000     0x22bd
 .debug_macro   0x0000000000000000       0xb5 ../libs/libopencm3/lib/libopencm3_stm32l0.a(rcc.o)
 .debug_macro   0x00000000000000b5      0x838 ../libs/libopencm3/lib/libopencm3_stm32l0.a(rcc.o)
 .debug_macro   0x00000000000008ed       0x22 ../libs/libopencm3/lib/libopencm3_stm32l0.a(rcc.o)
 .debug_macro   0x000000000000090f       0x44 ../libs/libopencm3/lib/libopencm3_stm32l0.a(rcc.o)
 .debug_macro   0x0000000000000953       0xe3 ../libs/libopencm3/lib/libopencm3_stm32l0.a(rcc.o)
 .debug_macro   0x0000000000000a36       0x22 ../libs/libopencm3/lib/libopencm3_stm32l0.a(rcc.o)
 .debug_macro   0x0000000000000a58      0x1df ../libs/libopencm3/lib/libopencm3_stm32l0.a(rcc.o)
 .debug_macro   0x0000000000000c37       0x22 ../libs/libopencm3/lib/libopencm3_stm32l0.a(rcc.o)
 .debug_macro   0x0000000000000c59       0xfa ../libs/libopencm3/lib/libopencm3_stm32l0.a(rcc.o)
 .debug_macro   0x0000000000000d53       0x16 ../libs/libopencm3/lib/libopencm3_stm32l0.a(rcc.o)
 .debug_macro   0x0000000000000d69       0x34 ../libs/libopencm3/lib/libopencm3_stm32l0.a(rcc.o)
 .debug_macro   0x0000000000000d9d      0x148 ../libs/libopencm3/lib/libopencm3_stm32l0.a(rcc.o)
 .debug_macro   0x0000000000000ee5      0x922 ../libs/libopencm3/lib/libopencm3_stm32l0.a(rcc.o)
 .debug_macro   0x0000000000001807       0xc8 ../libs/libopencm3/lib/libopencm3_stm32l0.a(gpio_common_all.o)
 .debug_macro   0x00000000000018cf       0x76 ../libs/libopencm3/lib/libopencm3_stm32l0.a(gpio_common_all.o)
 .debug_macro   0x0000000000001945      0x2e6 ../libs/libopencm3/lib/libopencm3_stm32l0.a(gpio_common_all.o)
 .debug_macro   0x0000000000001c2b      0x14e ../libs/libopencm3/lib/libopencm3_stm32l0.a(gpio_common_all.o)
 .debug_macro   0x0000000000001d79       0x3a ../libs/libopencm3/lib/libopencm3_stm32l0.a(gpio_common_all.o)
 .debug_macro   0x0000000000001db3       0xc8 ../libs/libopencm3/lib/libopencm3_stm32l0.a(gpio_common_f0234.o)
 .debug_macro   0x0000000000001e7b       0xc0 ../libs/libopencm3/lib/libopencm3_stm32l0.a(rcc_common_all.o)
 .debug_macro   0x0000000000001f3b       0xc1 ../libs/libopencm3/lib/libopencm3_stm32l0.a(vector.o)
 .debug_macro   0x0000000000001ffc      0x1b1 ../libs/libopencm3/lib/libopencm3_stm32l0.a(vector.o)
 .debug_macro   0x00000000000021ad       0x46 ../libs/libopencm3/lib/libopencm3_stm32l0.a(vector.o)
 .debug_macro   0x00000000000021f3       0xca ../libs/libopencm3/lib/libopencm3_stm32l0.a(vector.o)
